// Jest Snapshot v1, https://goo.gl/fbAQLP

exports[`server-side rendering 1`] = `
Array [
  Object {
    "children": Array [
      Object {
        "children": Array [
          Object {
            "height": "fill",
            "id": null,
            "type": "space",
            "weight": 1,
            "width": "fill",
          },
          Object {
            "children": Array [
              Object {
                "height": "fill",
                "id": null,
                "type": "space",
                "weight": 1,
                "width": "fill",
              },
              Object {
                "height": "fill",
                "id": null,
                "type": "node",
                "weight": 1,
                "width": "fill",
              },
              Object {
                "height": "fill",
                "id": null,
                "type": "space",
                "weight": 1,
                "width": "fill",
              },
            ],
            "columns": undefined,
            "height": "auto",
            "id": null,
            "rows": undefined,
            "type": "column",
            "weight": 1,
            "width": "auto",
          },
          Object {
            "height": "fill",
            "id": null,
            "type": "space",
            "weight": 1,
            "width": "fill",
          },
        ],
        "columns": undefined,
        "height": "auto",
        "id": null,
        "rows": undefined,
        "type": "row",
        "weight": 1,
        "width": "auto",
      },
    ],
  },
]
`;
